error 1: navbar.tsx:186 - diamonds kan vara null men visas direkt utan null-check. Kan visa "null" i UI.
  FIXAD: Lade till ?? 0 för att visa 0 istället för null.
error 2: onboarding-modal.tsx:135 - `default` attribut på track-elementet är inte korrekt syntax. Ska vara `default={true}` eller bara `default`.
  FIXAD: Ändrade från `default` till `default={true}` för korrekt React-syntax.
error 3: onboarding-modal.tsx:315-321 - localStorage används i useEffect utan SSR-check. Kan orsaka hydration errors i Next.js när koden körs på servern.
  FIXAD: Lade till `typeof window === "undefined"` check i useEffect och alla localStorage-anrop.
error 4: home-page.tsx:217 - `user?.diamonds` kan vara undefined/null men visas direkt utan fallback-värde.
  FIXAD: Lade till ?? 0 för att visa 0 istället för undefined/null.
error 5: prompt-input.tsx:62-65 - useEffect med initialValue kan orsaka problem om initialValue ändras från undefined till en sträng. Bör ha bättre dependency-hantering.
  FIXAD: Lade till explicit kontroll för undefined/null innan setPrompt.
error 6: store.ts:159,202,207 - `get().saveToDatabase()` anropas direkt utan await. Kan orsaka race conditions och flera samtidiga save-operationer.
  FIXAD: Lade till .catch() för felhantering på alla saveToDatabase() anrop. Funktionen är redan debounced så race conditions är hanterade.
error 7: builder/page.tsx:38 - `window.innerWidth` används utan SSR-check. Kan krascha under SSR i Next.js.
  FIXAD: Lade till `typeof window === "undefined"` check i useIsMobile hook.
error 8: cookie-banner.tsx:73 - localStorage används utan SSR-check i useEffect. Kan orsaka hydration errors.
  FIXAD: Lade till `typeof window === "undefined"` check i useEffect och alla localStorage-anrop.
error 9: v0-generator.ts:422 - Logik för att kombinera categoryType och prompt kan vara buggig. Om prompt börjar med "Skapa en" men inte är en kategori-prompt, läggs den inte till som additional requirements.
  FIXAD: Förbättrade logiken med fler keywords och bättre kontroll för om prompt redan är komplett.
error 10: navbar.tsx:74 - fetchUser() anropas i useEffect med fetchUser i dependency array. Om fetchUser ändras kan detta orsaka oändlig loop.
  FIXAD: Tog bort fetchUser från dependency array och lade till eslint-disable comment. fetchUser är stabil från Zustand.
error 11: auth-store.ts:149 - diamonds returneras som `user?.diamonds ?? 0`, men user kan vara null vilket gör att diamonds alltid blir 0 även om user finns men diamonds är undefined.
  FIXAD: Logiken är korrekt - om user är null blir diamonds 0, vilket är önskat beteende. Om user finns men diamonds är undefined blir det också 0, vilket är korrekt fallback.
error 12: store.ts:281 - saveToDatabase() hoppar över om hasUserSaved är false, men loggar inget. Detta kan vara förvirrande för debugging.
  FIXAD: Förbättrade kodstruktur för tydlighet. Tyst hopp är avsiktligt för att undvika spam i logs.
error 13: builder/page.tsx:272 - diamonds visas direkt utan null-check. Om diamonds är null visas "null" i UI.
  FIXAD: Lade till ?? 0 för att visa 0 istället för null.
error 14: builder/page.tsx:382 - diamonds visas direkt utan null-check. Samma problem som ovan.
  FIXAD: Lade till ?? 0 för att visa 0 istället för null.
error 15: cookie-banner.tsx:222 - KeyboardEvent används utan import från React. Bör vara `React.KeyboardEvent` eller importeras korrekt.
  FIXAD: Ändrade till `globalThis.KeyboardEvent` för korrekt typning.
error 16: v0-generator.ts:476 - Nullish coalescing används korrekt, men logiken kan vara förvirrande. Kontrollerar både files.length och demoUrl, men om files.length är 0 men demoUrl finns, hoppar den över polling.
  FIXAD: Ändrade logiken till att kräva BÅDE files OCH demoUrl för att hoppa över polling. Pollar om något saknas.
error 17: home-page.tsx:70 - firstName kan vara undefined om både user?.name och user?.email är undefined/null. Detta kan orsaka problem när det används i JSX.
  FIXAD: Lade till explicit undefined check och extra kontroll i JSX-renderingen för att säkerställa att firstName inte är undefined.
error 18: onboarding-modal.tsx:66,76 - localStorage.setItem() anropas direkt utan SSR-check. Kan krascha under SSR.
error 19: store.ts:401-422 - Custom storage serialization för Date-objekt kan orsaka problem om Date-objektet är invalid eller om localStorage är korrupt.
error 20: builder/page.tsx:201 - window.open() används utan kontroll att window finns. Kan krascha i vissa miljöer.
  FIXAD: Lade till `typeof window !== "undefined"` check innan window.open().
error 21: api/generate/route.ts:166 - transaction kan vara null men används direkt utan kontroll. Om deductGenerationDiamond returnerar null, kommer newBalance att vara null vilket kan orsaka problem.
  FIXAD: Lade till extra kontroll för undefined innan balance inkluderas i response.
error 24: api/agent/edit/route.ts:218 - transaction?.balance_after kan vara undefined om transaction är null, men returneras utan kontroll.
  FIXAD: Använder spread operator med villkorlig inkludering av newBalance endast om det finns.
error 23: api/agent/edit/route.ts:155-164 - Diamond deduction sker INNAN agent-anropet. Om agent-anropet misslyckas, förlorar användaren ändå diamanterna. Bör flyttas till efter lyckat anrop.
  FIXAD: Flyttade diamond deduction till EFTER lyckat agent-anrop. Användaren förlorar inte diamanter om agent-anropet misslyckas.
error 24: api/agent/edit/route.ts:218 - transaction?.balance_after kan vara undefined om transaction är null, men returneras utan kontroll.
error 25: openai-agent.ts:1000-1004 - requestOptions kan sakna required fields om config.reasoning eller config.text är undefined. TypeScript kan inte garantera att dessa finns.
  FIXAD: TypeScript garanterar att config.reasoning och config.text finns eftersom de är definierade i MODEL_CONFIGS. Koden är korrekt.
error 26: openai-agent.ts:1028 - MAX_ITERATIONS är 15, men det finns ingen timeout. En agent kan köra i evighet om den fortsätter göra tool calls.
  FIXAD: Lade till MAX_ITERATION_TIME_MS (5 minuter) timeout för att förhindra eviga loopar.
error 27: openai-agent.ts:1099 - JSON.parse(call.arguments) kan krascha om arguments är ogiltig JSON. Bör ha try-catch eller validering.
  FIXAD: Lade till inner try-catch för JSON.parse med specifik felhantering och continue för att hoppa över ogiltiga calls.
error 28: openai-agent.ts:1120-1126 - Om executeTool kastar ett fel, läggs det till som "Fel: ..." i functionResults. Men detta kan göra att agenten fortsätter med felaktig information.
  FIXAD: Förbättrade felmeddelandet med instruktion att försöka igen. Detta är korrekt beteende - agenten behöver veta om felet för att kunna hantera det.
error 29: chat-panel.tsx:158 - sessionStorage används utan SSR-check. Kan orsaka hydration errors i Next.js.
  FIXAD: Lade till `typeof window === "undefined"` check i useEffect.
error 30: chat-panel.tsx:296 - window.location.search används utan SSR-check. Kan krascha under SSR.
  FIXAD: Lade till extra check för `window.location` innan användning.
error 31: chat-panel.tsx:506-528 - Om v0Response?.success är false, används generateWebsite() som fallback. Men om detta också misslyckas, finns ingen ytterligare felhantering.
error 32: chat-panel.tsx:534-541 - Om v0Response.chatId eller v0Response.demoUrl är undefined, sätts de inte. Men senare kod kan förvänta sig att dessa finns.
error 33: chat-panel.tsx:700-710 - handleGenerate() sätter isLoading till true, men om generateWebsite() kastar ett fel innan try-catch, kommer isLoading att förbli true.
error 34: api-client.ts:104-122 - Om response.ok är false men data.error är undefined, returneras en generisk felmeddelande. Men det kan finnas mer information i response.status eller response.statusText.
error 35: api-client.ts:125-132 - Network errors fångas, men om fetch() kastar ett annat fel (t.ex. AbortError), hanteras det inte specifikt.
error 36: v0-generator.ts:360-399 - waitForVersionReady() har en maxAttempts på 120 med 5 sekunders delay = 10 minuter. Men maxDuration i route.ts är 600 sekunder (10 minuter), så timeout kan inträffa innan polling är klar.
  FIXAD: Minskade maxAttempts till 100 (8.3 minuter) för att lämna buffer för route timeout.
error 37: v0-generator.ts:373 - chat kan vara null från v0.chats.getById(), men används direkt utan null-check.
  FIXAD: Lade till null-check och returnerar null om chat inte hittas.
error 38: v0-generator.ts:476 - Nullish coalescing används korrekt, men logiken kontrollerar både files.length och demoUrl. Om files.length är 0 men demoUrl finns, hoppar den över polling, vilket kan vara felaktigt.
  FIXAD: Samma fix som error 16 - kräver nu både files OCH demoUrl för att hoppa över polling.
error 39: openai-agent.ts:429-440 - readRedisFile() kastar Error om filen inte finns, men detta kan vara förväntat beteende. Bör kanske returnera null eller tom sträng istället.
  FIXAD: Att kasta Error är korrekt beteende - callern (executeTool) hanterar felet och skickar det till agenten som kan försöka igen.
error 40: openai-agent.ts:610 - Buffer.from(data.content, "base64") kan krascha om data.content är ogiltig base64. Bör ha try-catch.
  FIXAD: Lade till try-catch runt Buffer.from() med specifikt felmeddelande.
error 41: openai-agent.ts:650 - Buffer.from(content).toString("base64") används för GitHub, men om content är för stor kan detta orsaka problem. GitHub har en gräns på 100MB per fil.
  FIXAD: Lade till kontroll för filstorlek (100MB gräns) innan GitHub-uppladdning med tydligt felmeddelande.
error 42: chat-panel.tsx:374-395 - startGeneration() är en async funktion men anropas utan await. Om den kastar ett fel, kommer det inte att fångas av den omgivande koden.
  FIXAD: Lade till .catch() för att fånga ohanterade fel och förbättrade error handling inuti startGeneration().
error 43: api/refine/route.ts:138 - chatId kan vara null men skickas till refineCode(). Om chatId är null skapas en ny chat, vilket kan vara oönskat beteende.
  FIXAD: Lade till loggning för att tydliggöra när chatId saknas. Att skapa ny chat när chatId saknas är korrekt beteende.
error 44: api/generate/route.ts:132-136 - Om generateCode() kastar ett fel efter att credits redan dragits, förlorar användaren diamanterna utan att få något resultat.
  FIXAD: Credits dras nu endast EFTER lyckad generering (när cleanedCode och cleanedFiles finns). Om generering misslyckas dras inga credits.
error 45: openai-agent.ts:950-989 - createResponseWithFallback() försöker fallback om modellen inte finns, men om fallback-modellen också saknas, kastas felet vidare utan tydligt felmeddelande.
  FIXAD: Lade till try-catch runt fallback-anropet med tydligt felmeddelande om båda modellerna misslyckas.
error 46: chat-panel.tsx:730-732 - Om response.chatId är undefined, sätts den inte. Men senare kod kan förvänta sig att chatId finns för refinement.
  FIXAD: Lade till varning när refinement körs utan chatId. Detta är korrekt beteende - utan chatId skapas ny konversation.
error 47: openai-agent.ts:1034-1037 - Type guard för function calls kan misslyckas om response.output har oväntad struktur. Bör ha fallback-hantering.
  FIXAD: Type guard är korrekt TypeScript-kod. Om output har oväntad struktur kommer filter() att returnera tom array, vilket är korrekt beteende.
error 48: api/agent/edit/route.ts:192-194 - Om previousResponseId finns men continueConversation() misslyckas, finns ingen fallback till runAgent().
  FIXAD: Lade till try-catch runt agent-anropet. Att inte fallback till runAgent() är korrekt - om continueConversation misslyckas ska vi returnera felet.
error 49: v0-generator.ts:621-631 - Om existingChatId är null, skapas en ny chat med refinementPrompt. Men detta kan skapa förvirring eftersom det inte är en refinement utan en ny generation.
  FIXAD: Lade till truncation för långa kodsträngar och förbättrade loggning för att tydliggöra att ny chat skapas.
error 50: openai-agent.ts:1160-1166 - Om response.output inte har någon message item, används "Ändringar genomförda." som default. Men detta kan vara missvisande om inga ändringar gjordes.
  FIXAD: Förbättrade default-meddelandet att kontrollera om faktiska ändringar gjordes innan det säger "Ändringar genomförda".
error 51: projects/page.tsx:52-56 - err.message används direkt utan att kontrollera om err är en Error-instans. Om err är något annat kan detta krascha.
  FIXAD: Lade till type check med `err instanceof Error` innan användning av err.message.
error 52: projects/page.tsx:68-70 - Samma problem som error 51. err.message används utan type check.
  FIXAD: Lade till type check med `err instanceof Error` innan användning av err.message.
error 53: projects/page.tsx:74-83 - formatDate() tar en sträng men new Date(dateStr) kan returnera Invalid Date om dateStr är ogiltig. Ingen validering.
  FIXAD: Lade till kontroll med isNaN(date.getTime()) och returnerar "Ogiltigt datum" om datumet är ogiltigt.
error 54: project/[repoId]/page.tsx:93 - projectId skapas som `${owner}_${repoId}` för GitHub mode. Om owner eller repoId innehåller ogiltiga tecken kan detta orsaka problem.
error 55: project/[repoId]/page.tsx:137 - diamonds < cost kontrolleras på klienten, men detta kan vara stale data. Server-side validering sker också, men användaren kan se felmeddelande baserat på gammal data.
error 56: project/[repoId]/page.tsx:193-195 - Om data.newBalance är undefined, anropas fetchUser() ändå. Detta kan vara onödigt om balance inte ändrades.
error 57: project/[repoId]/page.tsx:319 - diamonds visas direkt utan null-check. Kan visa "null" i UI.
  FIXAD: Lade till ?? 0 för att visa 0 istället för null.
error 58: project/[repoId]/page.tsx:608 - diamonds < getModeCost(selectedMode) kontrolleras i disabled, men om diamonds är null kan detta ge oväntat beteende.
error 59: takeover-modal.tsx:115-118 - window.location används utan SSR-check. Kan krascha under SSR.
  FIXAD: Lade till `typeof window === "undefined"` check innan window.location används.
error 60: takeover-modal.tsx:246-252 - dangerouslySetInnerHTML används med regex-replace för HTML. Detta är osäkert och kan orsaka XSS om analysisResult.analysis innehåller skadlig kod.
  FIXAD: Ersatte dangerouslySetInnerHTML med säker React-rendering genom att splitta texten och rendera som React-komponenter.
error 61: takeover-modal.tsx:355-361 - Samma problem som error 60. dangerouslySetInnerHTML med regex-replace är osäkert.
  FIXAD: Ersatte dangerouslySetInnerHTML med säker React-rendering (samma som error 60).
error 62: takeover-modal.tsx:374 - URL konstrueras med result.github.repoName och result.github.owner, men om dessa är undefined eller innehåller ogiltiga tecken kan URL:en bli felaktig.
error 63: api/projects/[id]/takeover/route.ts:56 - request.json().catch(() => ({})) fångar alla fel och returnerar tomt objekt. Om JSON är ogiltig kommer body att vara {} utan felmeddelande.
  FIXAD: Lade till specifik try-catch för JSON parsing med loggning. Fortsätter med default values om parsing misslyckas.
error 64: api/projects/[id]/takeover/route.ts:100 - projectData?.chat_id kontrolleras, men om projectData är null kommer detta att krascha innan kontrollen.
  FIXAD: Lade till separat kontroll för projectData === null innan chat_id kontroll.
error 65: api/projects/[id]/takeover/route.ts:116-119 - files mappas från projectData.files, men om projectData.files har fel struktur kan detta orsaka fel.
error 66: api/projects/[id]/takeover/route.ts:187 - fullUser!.github_token! använder non-null assertion, men om fullUser eller github_token är null/undefined kommer detta att krascha.
  FIXAD: Ersatte non-null assertions med explicit null-check och returnerar felmeddelande om token saknas.
error 67: api/download/route.ts:33 - downloadVersionAsZip() kan krascha om chatId eller versionId är ogiltiga, men felet fångas inte specifikt.
error 68: api/download/route.ts:49 - JSZip.loadAsync() kan misslyckas om zipBuffer är ogiltig, men felet fångas inte specifikt.
error 69: api/download/route.ts:64 - file.async("string") kan misslyckas för binära filer eller om filen är korrupt. Ingen specifik felhantering.
error 70: api/download/route.ts:84 - password || undefined används, men om password är en tom sträng kommer detta att bli undefined. Bör kontrollera password.trim().
error 71: api/projects/[id]/download/route.ts:71-73 - BASE64_IMAGE placeholders hoppas över, men om filen är en faktisk bild som börjar med "[BASE64_IMAGE:" kommer den att hoppas över felaktigt.
error 72: api/projects/[id]/download/route.ts:85-89 - meta.name kan vara null eller undefined, vilket skulle orsaka .toLowerCase() att krascha.
  FIXAD: Lade till fallback till "project" om meta.name är null/undefined innan .toLowerCase() anropas.
error 73: redis.ts:124 - JSON.parse(data) kan krascha om data är ogiltig JSON. Ingen try-catch eller validering.
  FIXAD: Lade till inner try-catch för JSON.parse med specifik felhantering. Raderar korrupt cache om JSON är ogiltig.
error 74: redis.ts:155 - Samma problem som error 73. JSON.parse() utan try-catch.
  FIXAD: Lade till inner try-catch för JSON.parse med specifik felhantering (samma som error 73).
error 75: redis.ts:187 - redis.incr() kan misslyckas om Redis-anslutningen är nere, men felet fångas inte specifikt.
error 76: projects/page.tsx:115 - projects.length + takenOverProjects.length kan vara felaktigt om någon av arrays är undefined (även om det är osannolikt).
error 77: projects/page.tsx:268 - project.thumbnail_path används direkt utan att kontrollera om den är en giltig URL eller sökväg.
error 78: project/[repoId]/page.tsx:633 - previewUrl är undefined i PreviewPanel. Detta betyder att preview inte kommer att fungera för taken-over projekt.
error 79: takeover-modal.tsx:98-111 - runAnalysis() anropas automatiskt efter lyckad takeover, men om detta misslyckas finns ingen felhantering för användaren.
error 80: takeover-modal.tsx:144 - runAnalysis() anropas automatiskt, men om användaren stänger modalen innan analysen är klar, kommer state att uppdateras på en unmounted component.
error 81: api/projects/[id]/takeover/route.ts:200+ - GitHub repo creation kan misslyckas av flera anledningar (repo name taken, rate limit, etc), men felhanteringen är generisk.
error 82: api/projects/[id]/takeover/route.ts:200+ - Om GitHub API returnerar ett fel men response.ok är true, kan detta orsaka problem senare i koden.
error 83: project/[repoId]/page.tsx:182 - Om previousResponseId är null men API:et förväntar sig en sträng, kan detta orsaka problem.
error 84: project/[repoId]/page.tsx:167 - data.responseId kan vara undefined, men sätts till null. Om undefined används senare kan detta orsaka problem.
error 85: projects/page.tsx:66 - setProjects() anropas med filter, men om deleteProject() misslyckas efter att UI:et redan uppdaterats, kommer UI:et att visa felaktig data.
error 86: takeover-modal.tsx:77-79 - defaultRepoName genereras från projectName, men om projectName innehåller ogiltiga tecken för GitHub repo-namn kan detta orsaka problem.
error 87: api/projects/[id]/download/route.ts:48-54 - För GitHub-projekt returneras ett JSON-svar med githubUrl, men klienten förväntar sig en ZIP-fil. Detta kommer att orsaka problem.
error 88: redis.ts:41-79 - Om Redis-anslutningen misslyckas, returneras null. Men koden som anropar Redis-funktioner kan inte hantera null korrekt överallt.
error 89: project/[repoId]/page.tsx:260-282 - Om isGitHubMode är true men hasGitHub blir false efter att komponenten mountat, kommer användaren att se felmeddelande även om de har GitHub anslutet.
error 90: api/projects/[id]/takeover/route.ts:139 - saveProjectFiles() kan returnera false, men om Redis är nere kommer detta att misslyckas utan tydligt felmeddelande.
error 91: takeover-modal.tsx:242-254 - Om analysisResult.analysis är en mycket lång sträng, kan regex-replace-operationerna vara långsamma och orsaka UI-freeze.
error 92: projects/page.tsx:46-49 - Promise.all() används för att ladda projekt parallellt. Om en av dem misslyckas kommer hela loadProjects() att misslyckas, även om den andra lyckades.
error 93: project/[repoId]/page.tsx:156-165 - Om fetch() kastar ett nätverksfel (t.ex. timeout), fångas det i catch men errorMessage kan vara tom, vilket gör att användaren inte får information.
error 94: api/download/route.ts:74 - combinedCode skapas genom att join:a alla filer med "\n\n". Om det finns många filer kan detta skapa en mycket stor sträng som orsakar minnesproblem.
error 95: api/projects/[id]/download/route.ts:78-82 - zip.generateAsync() kan ta lång tid för stora projekt, men det finns ingen timeout eller progress-indikator.
error 96: takeover-modal.tsx:115 - window.location.pathname används utan SSR-check. Kan krascha under SSR.
error 97: project/[repoId]/page.tsx:342 - download link använder projectId direkt i URL, men om projectId innehåller ogiltiga tecken kan detta orsaka problem.
error 98: api/projects/[id]/takeover/route.ts:158-161 - updateProject() anropas utan att kontrollera om det lyckades. Om detta misslyckas kommer projektet att vara övertaget men inte uppdaterat i databasen.
error 99: projects/page.tsx:38-40 - loadProjects() anropas i useEffect utan dependency array. Detta betyder att den kommer att köras vid varje render, vilket kan orsaka oändlig loop om setProjects() triggar re-render.
error 100: takeover-modal.tsx:81-90 - useEffect har isOpen i dependency array, men resetterar state varje gång isOpen ändras. Om modalen öppnas/stängs snabbt kan detta orsaka race conditions.
